\BOOKMARK [0][-]{chapter*.1}{\376\377\000R\000e\000m\000e\000r\000c\000i\000e\000m\000e\000n\000t\000s}{}% 1
\BOOKMARK [0][-]{chapter*.2}{\376\377\000R\000\351\000s\000u\000m\000\351}{}% 2
\BOOKMARK [0][-]{chapter*.3}{\376\377\000A\000b\000s\000t\000r\000a\000c\000t}{}% 3
\BOOKMARK [0][-]{chapter.1}{\376\377\000I\000n\000t\000r\000o\000d\000u\000c\000t\000i\000o\000n\000\040\000g\000\351\000n\000\351\000r\000a\000l\000e}{}% 4
\BOOKMARK [1][-]{section.1.1}{\376\377\000C\000o\000n\000t\000e\000x\000t\000e\000\040\000g\000\351\000n\000\351\000r\000a\000l}{chapter.1}% 5
\BOOKMARK [1][-]{section.1.2}{\376\377\000P\000r\000o\000b\000l\000\351\000m\000a\000t\000i\000q\000u\000e}{chapter.1}% 6
\BOOKMARK [1][-]{section.1.3}{\376\377\000S\000o\000l\000u\000t\000i\000o\000n\000\040\000p\000r\000o\000p\000o\000s\000\351\000e}{chapter.1}% 7
\BOOKMARK [1][-]{section.1.4}{\376\377\000O\000b\000j\000e\000c\000t\000i\000f\000s\000\040\000d\000u\000\040\000p\000r\000o\000j\000e\000t}{chapter.1}% 8
\BOOKMARK [1][-]{section.1.5}{\376\377\000P\000r\000\351\000s\000e\000n\000t\000a\000t\000i\000o\000n\000\040\000d\000e\000\040\000l\000'\000o\000r\000g\000a\000n\000i\000s\000m\000e\000\040\000d\000'\000a\000c\000c\000u\000e\000i\000l}{chapter.1}% 9
\BOOKMARK [1][-]{section.1.6}{\376\377\000M\000\351\000t\000h\000o\000d\000o\000l\000o\000g\000i\000e\000\040\000e\000t\000\040\000o\000r\000g\000a\000n\000i\000s\000a\000t\000i\000o\000n\000\040\000d\000u\000\040\000r\000a\000p\000p\000o\000r\000t}{chapter.1}% 10
\BOOKMARK [0][-]{chapter.2}{\376\377\000\311\000t\000a\000t\000\040\000d\000e\000\040\000l\000'\000a\000r\000t\000\040\000e\000t\000\040\000f\000o\000n\000d\000e\000m\000e\000n\000t\000s\000\040\000t\000h\000\351\000o\000r\000i\000q\000u\000e\000s}{}% 11
\BOOKMARK [1][-]{section.2.1}{\376\377\000A\000p\000p\000r\000e\000n\000t\000i\000s\000s\000a\000g\000e\000\040\000p\000r\000o\000f\000o\000n\000d\000\040\000:\000\040\000p\000r\000i\000n\000c\000i\000p\000e\000s}{chapter.2}% 12
\BOOKMARK [1][-]{section.2.2}{\376\377\000R\000\351\000s\000e\000a\000u\000x\000\040\000d\000e\000\040\000n\000e\000u\000r\000o\000n\000e\000s\000\040\000c\000o\000n\000v\000o\000l\000u\000t\000i\000f\000s\000\040\000\050\000C\000N\000N\000\051}{chapter.2}% 13
\BOOKMARK [1][-]{section.2.3}{\376\377\000R\000\351\000g\000u\000l\000a\000r\000i\000s\000a\000t\000i\000o\000n\000\040\000p\000a\000r\000\040\000d\000r\000o\000p\000o\000u\000t}{chapter.2}% 14
\BOOKMARK [1][-]{section.2.4}{\376\377\000T\000r\000a\000n\000s\000f\000e\000r\000\040\000l\000e\000a\000r\000n\000i\000n\000g\000\040\000e\000t\000\040\000n\000o\000r\000m\000a\000l\000i\000s\000a\000t\000i\000o\000n\000\040\000I\000m\000a\000g\000e\000N\000e\000t}{chapter.2}% 15
\BOOKMARK [1][-]{section.2.5}{\376\377\000I\000n\000f\000\351\000r\000e\000n\000c\000e\000\040\000b\000a\000y\000\351\000s\000i\000e\000n\000n\000e\000\040\000a\000p\000p\000r\000o\000x\000i\000m\000a\000t\000i\000v\000e}{chapter.2}% 16
\BOOKMARK [1][-]{section.2.6}{\376\377\000D\000e\000\040\000M\000o\000n\000t\000e\000-\000C\000a\000r\000l\000o\000\040\000\340\000\040\000M\000o\000n\000t\000e\000\040\000C\000a\000r\000l\000o\000\040\000D\000r\000o\000p\000o\000u\000t}{chapter.2}% 17
\BOOKMARK [1][-]{section.2.7}{\376\377\000T\000a\000x\000o\000n\000o\000m\000i\000e\000\040\000d\000e\000\040\000l\000'\000i\000n\000c\000e\000r\000t\000i\000t\000u\000d\000e}{chapter.2}% 18
\BOOKMARK [0][-]{chapter.3}{\376\377\000J\000e\000u\000x\000\040\000d\000e\000\040\000d\000o\000n\000n\000\351\000e\000s\000\040\000e\000t\000\040\000p\000r\000\351\000t\000r\000a\000i\000t\000e\000m\000e\000n\000t}{}% 19
\BOOKMARK [1][-]{section.3.1}{\376\377\000P\000r\000\351\000s\000e\000n\000t\000a\000t\000i\000o\000n\000\040\000d\000u\000\040\000j\000e\000u\000\040\000d\000e\000\040\000d\000o\000n\000n\000\351\000e\000s}{chapter.3}% 20
\BOOKMARK [1][-]{section.3.2}{\376\377\000P\000i\000p\000e\000l\000i\000n\000e\000\040\000d\000e\000\040\000p\000r\000\351\000t\000r\000a\000i\000t\000e\000m\000e\000n\000t}{chapter.3}% 21
\BOOKMARK [1][-]{section.3.3}{\376\377\000P\000a\000r\000t\000i\000t\000i\000o\000n\000n\000e\000m\000e\000n\000t\000\040\000e\000n\000t\000r\000a\000\356\000n\000e\000m\000e\000n\000t\000\040\000/\000\040\000t\000e\000s\000t}{chapter.3}% 22
\BOOKMARK [0][-]{chapter.4}{\376\377\000C\000o\000n\000c\000e\000p\000t\000i\000o\000n\000\040\000d\000u\000\040\000s\000y\000s\000t\000\350\000m\000e}{}% 23
\BOOKMARK [1][-]{section.4.1}{\376\377\000A\000r\000c\000h\000i\000t\000e\000c\000t\000u\000r\000e\000\040\000g\000l\000o\000b\000a\000l\000e\000\040\000e\000n\000\040\000c\000o\000u\000c\000h\000e\000s}{chapter.4}% 24
\BOOKMARK [1][-]{section.4.2}{\376\377\000F\000l\000u\000x\000\040\000d\000e\000\040\000d\000o\000n\000n\000\351\000e\000s\000\040\000d\000\351\000t\000a\000i\000l\000l\000\351}{chapter.4}% 25
\BOOKMARK [1][-]{section.4.3}{\376\377\000A\000r\000c\000h\000i\000t\000e\000c\000t\000u\000r\000e\000\040\000d\000u\000\040\000m\000o\000d\000\350\000l\000e\000\040\000d\000'\000I\000A}{chapter.4}% 26
\BOOKMARK [1][-]{section.4.4}{\376\377\000E\000n\000v\000i\000r\000o\000n\000n\000e\000m\000e\000n\000t\000\040\000e\000t\000\040\000t\000e\000c\000h\000n\000o\000l\000o\000g\000i\000e\000s}{chapter.4}% 27
\BOOKMARK [1][-]{section.4.5}{\376\377\000P\000a\000r\000a\000m\000\350\000t\000r\000e\000s\000\040\000d\000e\000\040\000c\000o\000n\000f\000i\000g\000u\000r\000a\000t\000i\000o\000n}{chapter.4}% 28
\BOOKMARK [0][-]{chapter.5}{\376\377\000D\000\351\000v\000e\000l\000o\000p\000p\000e\000m\000e\000n\000t\000\040\000d\000e\000\040\000l\000'\000a\000p\000p\000l\000i\000c\000a\000t\000i\000o\000n}{}% 29
\BOOKMARK [1][-]{section.5.1}{\376\377\000B\000a\000c\000k\000e\000n\000d\000\040\000:\000\040\000l\000'\000A\000P\000I\000\040\000R\000E\000S\000T\000\040\000F\000a\000s\000t\000A\000P\000I}{chapter.5}% 30
\BOOKMARK [1][-]{section.5.2}{\376\377\000C\001\123\000u\000r\000\040\000d\000e\000\040\000l\000'\000i\000n\000f\000\351\000r\000e\000n\000c\000e\000\040\000M\000o\000n\000t\000e\000\040\000C\000a\000r\000l\000o\000\040\000D\000r\000o\000p\000o\000u\000t}{chapter.5}% 31
\BOOKMARK [1][-]{section.5.3}{\376\377\000I\000n\000t\000e\000r\000f\000a\000c\000e\000\040\000u\000t\000i\000l\000i\000s\000a\000t\000e\000u\000r\000\040\000\253\000\040\000N\000e\000u\000r\000o\000S\000c\000a\000n\000\040\000\273}{chapter.5}% 32
\BOOKMARK [2][-]{subsection.5.3.1}{\376\377\000P\000a\000g\000e\000\040\000d\000'\000a\000c\000c\000u\000e\000i\000l\000\040\000e\000t\000\040\000z\000o\000n\000e\000\040\000d\000e\000\040\000t\000\351\000l\000\351\000v\000e\000r\000s\000e\000m\000e\000n\000t}{section.5.3}% 33
\BOOKMARK [2][-]{subsection.5.3.2}{\376\377\000S\000\351\000l\000e\000c\000t\000i\000o\000n\000\040\000d\000'\000u\000n\000e\000\040\000i\000m\000a\000g\000e}{section.5.3}% 34
\BOOKMARK [2][-]{subsection.5.3.3}{\376\377\000A\000f\000f\000i\000c\000h\000a\000g\000e\000\040\000d\000e\000s\000\040\000r\000\351\000s\000u\000l\000t\000a\000t\000s}{section.5.3}% 35
\BOOKMARK [2][-]{subsection.5.3.4}{\376\377\000A\000n\000a\000l\000y\000s\000e\000\040\000p\000a\000r\000\040\000l\000o\000t\000\040\000e\000t\000\040\000h\000i\000s\000t\000o\000r\000i\000q\000u\000e\000\040\000d\000e\000\040\000s\000e\000s\000s\000i\000o\000n}{section.5.3}% 36
\BOOKMARK [0][-]{chapter.6}{\376\377\000E\000n\000t\000r\000a\000\356\000n\000e\000m\000e\000n\000t\000\040\000e\000t\000\040\000\351\000v\000a\000l\000u\000a\000t\000i\000o\000n}{}% 37
\BOOKMARK [1][-]{section.6.1}{\376\377\000P\000r\000o\000t\000o\000c\000o\000l\000e\000\040\000e\000t\000\040\000p\000a\000r\000a\000m\000\350\000t\000r\000e\000s\000\040\000d\000'\000e\000n\000t\000r\000a\000\356\000n\000e\000m\000e\000n\000t}{chapter.6}% 38
\BOOKMARK [1][-]{section.6.2}{\376\377\000M\000\351\000t\000r\000i\000q\000u\000e\000s\000\040\000d\000'\000\351\000v\000a\000l\000u\000a\000t\000i\000o\000n}{chapter.6}% 39
\BOOKMARK [1][-]{section.6.3}{\376\377\000C\000o\000u\000r\000b\000e\000s\000\040\000d\000'\000a\000p\000p\000r\000e\000n\000t\000i\000s\000s\000a\000g\000e}{chapter.6}% 40
\BOOKMARK [0][-]{chapter.7}{\376\377\000R\000\351\000s\000u\000l\000t\000a\000t\000s\000\040\000e\000x\000p\000\351\000r\000i\000m\000e\000n\000t\000a\000u\000x\000\040\000e\000t\000\040\000a\000n\000a\000l\000y\000s\000e\000\040\000c\000r\000i\000t\000i\000q\000u\000e}{}% 41
\BOOKMARK [1][-]{section.7.1}{\376\377\000C\000o\000m\000p\000o\000r\000t\000e\000m\000e\000n\000t\000\040\000d\000e\000\040\000l\000'\000i\000n\000c\000e\000r\000t\000i\000t\000u\000d\000e\000\040\000M\000o\000n\000t\000e\000\040\000C\000a\000r\000l\000o}{chapter.7}% 42
\BOOKMARK [1][-]{section.7.2}{\376\377\000R\000\350\000g\000l\000e\000\040\000d\000e\000\040\000d\000\351\000c\000i\000s\000i\000o\000n\000\040\000c\000l\000i\000n\000i\000q\000u\000e\000\040\000p\000r\000o\000p\000o\000s\000\351\000e}{chapter.7}% 43
\BOOKMARK [1][-]{section.7.3}{\376\377\000E\000x\000e\000m\000p\000l\000e\000\040\000d\000e\000\040\000r\000\351\000p\000o\000n\000s\000e\000\040\000d\000e\000\040\000l\000'\000A\000P\000I}{chapter.7}% 44
\BOOKMARK [1][-]{section.7.4}{\376\377\000A\000n\000a\000l\000y\000s\000e\000\040\000c\000r\000i\000t\000i\000q\000u\000e\000\040\000d\000e\000s\000\040\000r\000\351\000s\000u\000l\000t\000a\000t\000s}{chapter.7}% 45
\BOOKMARK [0][-]{chapter.8}{\376\377\000D\000i\000f\000f\000i\000c\000u\000l\000t\000\351\000s\000,\000\040\000s\000o\000l\000u\000t\000i\000o\000n\000s\000\040\000e\000t\000\040\000p\000e\000r\000s\000p\000e\000c\000t\000i\000v\000e\000s}{}% 46
\BOOKMARK [1][-]{section.8.1}{\376\377\000D\000i\000f\000f\000i\000c\000u\000l\000t\000\351\000s\000\040\000r\000e\000n\000c\000o\000n\000t\000r\000\351\000e\000s\000\040\000e\000t\000\040\000s\000o\000l\000u\000t\000i\000o\000n\000s\000\040\000a\000p\000p\000o\000r\000t\000\351\000e\000s}{chapter.8}% 47
\BOOKMARK [1][-]{section.8.2}{\376\377\000L\000i\000m\000i\000t\000e\000s\000\040\000i\000d\000e\000n\000t\000i\000f\000i\000\351\000e\000s}{chapter.8}% 48
\BOOKMARK [1][-]{section.8.3}{\376\377\000P\000e\000r\000s\000p\000e\000c\000t\000i\000v\000e\000s\000\040\000d\000'\000a\000m\000\351\000l\000i\000o\000r\000a\000t\000i\000o\000n}{chapter.8}% 49
\BOOKMARK [0][-]{chapter*.34}{\376\377\000C\000o\000n\000c\000l\000u\000s\000i\000o\000n\000\040\000g\000\351\000n\000\351\000r\000a\000l\000e}{}% 50
\BOOKMARK [0][-]{chapter*.35}{\376\377\000B\000i\000b\000l\000i\000o\000g\000r\000a\000p\000h\000i\000e}{}% 51
\BOOKMARK [0][-]{chapter*.35}{\376\377\000A\000n\000n\000e\000x\000e\000s}{}% 52
\BOOKMARK [0][-]{appendix.A}{\376\377\000G\000u\000i\000d\000e\000\040\000d\000e\000\040\000d\000\351\000m\000a\000r\000r\000a\000g\000e\000\040\000r\000a\000p\000i\000d\000e}{}% 53
\BOOKMARK [0][-]{appendix.B}{\376\377\000S\000t\000r\000u\000c\000t\000u\000r\000e\000\040\000c\000o\000m\000p\000l\000\350\000t\000e\000\040\000d\000u\000\040\000p\000r\000o\000j\000e\000t}{}% 54
\BOOKMARK [0][-]{appendix.C}{\376\377\000S\000u\000i\000t\000e\000\040\000d\000e\000\040\000t\000e\000s\000t\000s}{}% 55
